# Collective test starting: all_reduce_perf
# nThread 1 nGpus 1 minBytes 8 maxBytes 134217728 step: 2(factor) warmup iters: 5 iters: 20 agg iters: 1 validation: 1 graph: 0
#
rccl-tests: Version HEAD:40b1b17
# Using devices
#  Rank  0 Group  0 Pid 1468711 on  <node> device  0 [0000:08:00] AMD Instinct MI210
#  Rank  1 Group  0 Pid 1468712 on  <node> device  1 [0000:48:00] AMD Instinct MI210
RCCL version : 2.27.7-HEAD:0d2c4fd
HIP version  : 7.2.26015-fc0010cf6a
ROCm version : 7.2.0.0-43-fc0010cf6a
Hostname     : <node>
Librccl path : /opt/rocm-7.2.0/lib/librccl.so.1
#
#                                                              out-of-place                       in-place          
#       size         count      type   redop    root     time   algbw   busbw #wrong     time   algbw   busbw #wrong     algo     proto   nchannels
#        (B)    (elements)                               (us)  (GB/s)  (GB/s)            (us)  (GB/s)  (GB/s)                                      
           8             2     float     sum      -1    17.80    0.00    0.00      0    17.68    0.00    0.00      0    RING        LL           1
          16             4     float     sum      -1    20.03    0.00    0.00      0    18.32    0.00    0.00      0    RING        LL           1
          32             8     float     sum      -1    17.57    0.00    0.00      0    16.27    0.00    0.00      0    RING        LL           1
          64            16     float     sum      -1    16.35    0.00    0.00      0    17.21    0.00    0.00      0    RING        LL           1
         128            32     float     sum      -1    16.36    0.01    0.01      0    16.28    0.01    0.01      0    RING        LL           1
         256            64     float     sum      -1    17.10    0.01    0.01      0    16.49    0.02    0.02      0    RING        LL           1
         512           128     float     sum      -1    16.51    0.03    0.03      0    17.34    0.03    0.03      0    RING        LL           1
        1024           256     float     sum      -1    16.67    0.06    0.06      0    17.30    0.06    0.06      0    RING        LL           1
        2048           512     float     sum      -1    16.88    0.12    0.12      0    26.50    0.08    0.08      0    RING        LL           1
        4096          1024     float     sum      -1    18.08    0.23    0.23      0    16.99    0.24    0.24      0    RING        LL           1
        8192          2048     float     sum      -1    17.38    0.47    0.47      0    17.94    0.46    0.46      0    RING        LL           2
       16384          4096     float     sum      -1    28.08    0.58    0.58      0    27.66    0.59    0.59      0    RING    SIMPLE           1
       32768          8192     float     sum      -1    29.33    1.12    1.12      0    26.45    1.24    1.24      0    RING    SIMPLE           2
       65536         16384     float     sum      -1    27.59    2.38    2.38      0    26.58    2.47    2.47      0    RING    SIMPLE           4
      131072         32768     float     sum      -1    29.20    4.49    4.49      0    29.88    4.39    4.39      0    RING    SIMPLE           4
      262144         65536     float     sum      -1    34.47    7.61    7.61      0    34.41    7.62    7.62      0    RING    SIMPLE           4
      524288        131072     float     sum      -1    47.11   11.13   11.13      0    46.20   11.35   11.35      0    RING    SIMPLE           4
     1048576        262144     float     sum      -1    67.54   15.53   15.53      0    68.41   15.33   15.33      0    RING    SIMPLE           4
     2097152        524288     float     sum      -1    121.3   17.30   17.30      0    112.1   18.71   18.71      0    RING    SIMPLE           4
     4194304       1048576     float     sum      -1    199.4   21.03   21.03      0    199.9   20.98   20.98      0    RING    SIMPLE           4
     8388608       2097152     float     sum      -1    378.0   22.19   22.19      0    378.6   22.16   22.16      0    RING    SIMPLE           4
    16777216       4194304     float     sum      -1    730.7   22.96   22.96      0    730.7   22.96   22.96      0    RING    SIMPLE           4
    33554432       8388608     float     sum      -1   1444.4   23.23   23.23      0   1445.3   23.22   23.22      0    RING    SIMPLE           4
    67108864      16777216     float     sum      -1   2869.1   23.39   23.39      0   2868.6   23.39   23.39      0    RING    SIMPLE           4
   134217728      33554432     float     sum      -1   5707.3   23.52   23.52      0   5706.0   23.52   23.52      0    RING    SIMPLE           4
# Errors with asterisks indicate errors that have exceeded the maximum threshold.
# Out of bounds values : 0 OK
# Avg bus bandwidth    : 7.92382 
#
# Collective test concluded: all_reduce_perf

