# Collective test starting: all_reduce_perf
# nThread 1 nGpus 1 minBytes 8 maxBytes 134217728 step: 2(factor) warmup iters: 5 iters: 20 agg iters: 1 validation: 1 graph: 0
#
rccl-tests: Version HEAD:40b1b17
# Using devices
#  Rank  0 Group  0 Pid 1468619 on  <node> device  0 [0000:08:00] AMD Instinct MI210
#  Rank  1 Group  0 Pid 1468620 on  <node> device  1 [0000:48:00] AMD Instinct MI210
RCCL version : 2.27.7-HEAD:0d2c4fd
HIP version  : 7.2.26015-fc0010cf6a
ROCm version : 7.2.0.0-43-fc0010cf6a
Hostname     : <node>
Librccl path : /opt/rocm-7.2.0/lib/librccl.so.1
#
#                                                              out-of-place                       in-place          
#       size         count      type   redop    root     time   algbw   busbw #wrong     time   algbw   busbw #wrong                               
#        (B)    (elements)                               (us)  (GB/s)  (GB/s)            (us)  (GB/s)  (GB/s)                                      
           8             2     float     sum      -1    17.64    0.00    0.00      0    18.10    0.00    0.00      0
          16             4     float     sum      -1    20.20    0.00    0.00      0    17.53    0.00    0.00      0
          32             8     float     sum      -1    16.97    0.00    0.00      0    16.18    0.00    0.00      0
          64            16     float     sum      -1    16.42    0.00    0.00      0    17.20    0.00    0.00      0
         128            32     float     sum      -1    15.96    0.01    0.01      0    16.29    0.01    0.01      0
         256            64     float     sum      -1    16.97    0.02    0.02      0    16.49    0.02    0.02      0
         512           128     float     sum      -1    16.50    0.03    0.03      0    16.86    0.03    0.03      0
        1024           256     float     sum      -1    16.56    0.06    0.06      0    17.25    0.06    0.06      0
        2048           512     float     sum      -1    16.79    0.12    0.12      0    16.42    0.12    0.12      0
        4096          1024     float     sum      -1    18.14    0.23    0.23      0    17.09    0.24    0.24      0
        8192          2048     float     sum      -1    17.15    0.48    0.48      0    17.73    0.46    0.46      0
       16384          4096     float     sum      -1    27.73    0.59    0.59      0    27.73    0.59    0.59      0
       32768          8192     float     sum      -1    28.78    1.14    1.14      0    35.16    0.93    0.93      0
       65536         16384     float     sum      -1    27.25    2.41    2.41      0    26.16    2.51    2.51      0
      131072         32768     float     sum      -1    29.00    4.52    4.52      0    29.81    4.40    4.40      0
      262144         65536     float     sum      -1    34.21    7.66    7.66      0    34.38    7.62    7.62      0
      524288        131072     float     sum      -1    46.68   11.23   11.23      0    46.29   11.33   11.33      0
     1048576        262144     float     sum      -1    68.58   15.29   15.29      0    68.05   15.41   15.41      0
     2097152        524288     float     sum      -1    121.5   17.27   17.27      0    113.3   18.52   18.52      0
     4194304       1048576     float     sum      -1    199.5   21.02   21.02      0    199.4   21.04   21.04      0
     8388608       2097152     float     sum      -1    377.7   22.21   22.21      0    377.6   22.21   22.21      0
    16777216       4194304     float     sum      -1    730.9   22.95   22.95      0    730.3   22.97   22.97      0
    33554432       8388608     float     sum      -1   1443.5   23.25   23.25      0   1443.7   23.24   23.24      0
    67108864      16777216     float     sum      -1   2866.8   23.41   23.41      0   2865.5   23.42   23.42      0
   134217728      33554432     float     sum      -1   5714.3   23.49   23.49      0   5706.0   23.52   23.52      0
# Errors with asterisks indicate errors that have exceeded the maximum threshold.
# Out of bounds values : 0 OK
# Avg bus bandwidth    : 7.92075 
#
# Collective test concluded: all_reduce_perf

