# Collective test starting: all_reduce_perf
# nThread 1 nGpus 1 minBytes 8 maxBytes 134217728 step: 2(factor) warmup iters: 5 iters: 20 agg iters: 1 validation: 1 graph: 0
#
rccl-tests: Version HEAD:40b1b17
# Using devices
#  Rank  0 Group  0 Pid 1468664 on  <node> device  0 [0000:08:00] AMD Instinct MI210
#  Rank  1 Group  0 Pid 1468665 on  <node> device  1 [0000:48:00] AMD Instinct MI210
RCCL version : 2.27.7-HEAD:0d2c4fd
HIP version  : 7.2.26015-fc0010cf6a
ROCm version : 7.2.0.0-43-fc0010cf6a
Hostname     : <node>
Librccl path : /opt/rocm-7.2.0/lib/librccl.so.1
#
#                                                              out-of-place                       in-place          
#       size         count      type   redop    root     time   algbw   busbw #wrong     time   algbw   busbw #wrong                               
#        (B)    (elements)                               (us)  (GB/s)  (GB/s)            (us)  (GB/s)  (GB/s)                                      
           8             2     float     sum      -1    17.84    0.00    0.00      0    18.05    0.00    0.00      0
          16             4     float     sum      -1    18.98    0.00    0.00      0    18.52    0.00    0.00      0
          32             8     float     sum      -1    17.18    0.00    0.00      0    16.24    0.00    0.00      0
          64            16     float     sum      -1    16.77    0.00    0.00      0    17.25    0.00    0.00      0
         128            32     float     sum      -1    16.33    0.01    0.01      0    16.15    0.01    0.01      0
         256            64     float     sum      -1    17.41    0.01    0.01      0    16.41    0.02    0.02      0
         512           128     float     sum      -1    16.69    0.03    0.03      0    17.07    0.03    0.03      0
        1024           256     float     sum      -1    16.69    0.06    0.06      0    17.40    0.06    0.06      0
        2048           512     float     sum      -1    17.24    0.12    0.12      0    16.77    0.12    0.12      0
        4096          1024     float     sum      -1    17.72    0.23    0.23      0    16.83    0.24    0.24      0
        8192          2048     float     sum      -1    17.53    0.47    0.47      0    17.85    0.46    0.46      0
       16384          4096     float     sum      -1    27.50    0.60    0.60      0    27.37    0.60    0.60      0
       32768          8192     float     sum      -1    29.23    1.12    1.12      0    26.39    1.24    1.24      0
       65536         16384     float     sum      -1    27.11    2.42    2.42      0    26.24    2.50    2.50      0
      131072         32768     float     sum      -1    28.98    4.52    4.52      0    29.82    4.40    4.40      0
      262144         65536     float     sum      -1    34.28    7.65    7.65      0    34.27    7.65    7.65      0
      524288        131072     float     sum      -1    46.79   11.21   11.21      0    45.77   11.46   11.46      0
     1048576        262144     float     sum      -1    67.41   15.55   15.55      0    68.01   15.42   15.42      0
     2097152        524288     float     sum      -1    112.3   18.67   18.67      0    112.2   18.69   18.69      0
     4194304       1048576     float     sum      -1    199.7   21.01   21.01      0    199.7   21.00   21.00      0
     8388608       2097152     float     sum      -1    378.5   22.16   22.16      0    377.7   22.21   22.21      0
    16777216       4194304     float     sum      -1    730.9   22.95   22.95      0    730.6   22.96   22.96      0
    33554432       8388608     float     sum      -1   1444.3   23.23   23.23      0   1443.6   23.24   23.24      0
    67108864      16777216     float     sum      -1   2868.2   23.40   23.40      0   2868.1   23.40   23.40      0
   134217728      33554432     float     sum      -1   5716.3   23.48   23.48      0   5712.7   23.49   23.49      0
# Errors with asterisks indicate errors that have exceeded the maximum threshold.
# Out of bounds values : 0 OK
# Avg bus bandwidth    : 7.96222 
#
# Collective test concluded: all_reduce_perf

