# Collective test starting: all_reduce_perf
# nThread 1 nGpus 1 minBytes 8 maxBytes 134217728 step: 2(factor) warmup iters: 5 iters: 20 agg iters: 1 validation: 1 graph: 0
#
rccl-tests: Version HEAD:40b1b17
# Using devices
#  Rank  0 Group  0 Pid 1468572 on  <node> device  0 [0000:08:00] AMD Instinct MI210
#  Rank  1 Group  0 Pid 1468573 on  <node> device  1 [0000:48:00] AMD Instinct MI210
RCCL version : 2.27.7-HEAD:0d2c4fd
HIP version  : 7.2.26015-fc0010cf6a
ROCm version : 7.2.0.0-43-fc0010cf6a
Hostname     : <node>
Librccl path : /opt/rocm-7.2.0/lib/librccl.so.1
#
#                                                              out-of-place                       in-place          
#       size         count      type   redop    root     time   algbw   busbw #wrong     time   algbw   busbw #wrong                               
#        (B)    (elements)                               (us)  (GB/s)  (GB/s)            (us)  (GB/s)  (GB/s)                                      
           8             2     float     sum      -1    18.16    0.00    0.00      0    18.20    0.00    0.00      0
          16             4     float     sum      -1    19.62    0.00    0.00      0    17.72    0.00    0.00      0
          32             8     float     sum      -1    17.22    0.00    0.00      0    16.36    0.00    0.00      0
          64            16     float     sum      -1    16.45    0.00    0.00      0    16.83    0.00    0.00      0
         128            32     float     sum      -1    16.26    0.01    0.01      0    16.26    0.01    0.01      0
         256            64     float     sum      -1    17.31    0.01    0.01      0    16.62    0.02    0.02      0
         512           128     float     sum      -1    16.15    0.03    0.03      0    17.05    0.03    0.03      0
        1024           256     float     sum      -1    16.58    0.06    0.06      0    17.38    0.06    0.06      0
        2048           512     float     sum      -1    17.29    0.12    0.12      0    16.73    0.12    0.12      0
        4096          1024     float     sum      -1    17.76    0.23    0.23      0    17.06    0.24    0.24      0
        8192          2048     float     sum      -1    17.16    0.48    0.48      0    17.81    0.46    0.46      0
       16384          4096     float     sum      -1    28.05    0.58    0.58      0    27.89    0.59    0.59      0
       32768          8192     float     sum      -1    29.33    1.12    1.12      0    26.47    1.24    1.24      0
       65536         16384     float     sum      -1    27.12    2.42    2.42      0    26.12    2.51    2.51      0
      131072         32768     float     sum      -1    29.55    4.44    4.44      0    29.69    4.41    4.41      0
      262144         65536     float     sum      -1    34.44    7.61    7.61      0    34.45    7.61    7.61      0
      524288        131072     float     sum      -1    46.66   11.24   11.24      0    45.85   11.43   11.43      0
     1048576        262144     float     sum      -1    68.27   15.36   15.36      0    67.60   15.51   15.51      0
     2097152        524288     float     sum      -1    111.5   18.80   18.80      0    113.8   18.43   18.43      0
     4194304       1048576     float     sum      -1    199.4   21.04   21.04      0    199.5   21.02   21.02      0
     8388608       2097152     float     sum      -1    378.0   22.19   22.19      0    377.3   22.23   22.23      0
    16777216       4194304     float     sum      -1    730.9   22.95   22.95      0    731.1   22.95   22.95      0
    33554432       8388608     float     sum      -1   1443.5   23.25   23.25      0   1443.8   23.24   23.24      0
    67108864      16777216     float     sum      -1   2867.9   23.40   23.40      0   2866.5   23.41   23.41      0
   134217728      33554432     float     sum      -1   5706.7   23.52   23.52      0   5708.9   23.51   23.51      0
# Errors with asterisks indicate errors that have exceeded the maximum threshold.
# Out of bounds values : 0 OK
# Avg bus bandwidth    : 7.95796 
#
# Collective test concluded: all_reduce_perf

